============================================================
TESTING ENVIRONMENT SIMULATION
============================================================

--- task1_latency_spike ---
  Alert: critical
  Metrics keys: ['latency_p99', 'error_rate', 'cpu_util', 'gpu_util', 'memory_util', 'throughput', 'queue_depth']
  Latency: 674.9
  Logs: CRITICAL: CUDA out of memory ΓÇô inference_service...
  Step 1 (check_metrics): reward=-0.0566, done=False, latency=929.28
  Step 2 (read_logs): reward=-0.3785, done=False, latency=10000.0
  Step 3 (optimize_batch): reward=+0.0974, done=False, latency=10000.0
  Step 4 (verify_fix): reward=+0.0973, done=False, latency=10000.0
  GRADE: 0.2791

--- task2_prediction_drift ---
  Alert: critical
  Metrics keys: ['latency_p99', 'error_rate', 'cpu_util', 'gpu_util', 'memory_util', 'throughput', 'queue_depth', 'accuracy', 'drift_score']
  Latency: 67.66
  Logs: WARNING: Feature distribution shift detected ΓÇô column 'user_...
  Step 1 (analyze_drift): reward=+0.0507, done=False, latency=66.48
  Step 2 (check_deployment): reward=+0.0393, done=False, latency=63.76
  Step 3 (rollback_model): reward=+1.0000, done=True, latency=68.05
  GRADE: 0.8590

--- task3_cascading_failure ---
  Alert: critical
  Metrics keys: ['primary_model_latency_p99', 'primary_model_error_rate', 'primary_model_cpu_util', 'primary_model_gpu_util', 'primary_model_memory_util', 'primary_model_throughput', 'primary_model_queue_depth', 'fallback_model_latency_p99', 'fallback_model_error_rate', 'fallback_model_cpu_util', 'fallback_model_gpu_util', 'fallback_model_memory_util', 'fallback_model_throughput', 'fallback_model_queue_depth']
  Latency: N/A
  Logs: CRITICAL: Primary model OOM killed (pid 2847)...
  Step 1 (check_metrics): reward=+0.1004, done=False, latency=10000.0
  Step 2 (read_logs): reward=+0.0730, done=False, latency=10000.0
  Step 3 (restart_service): reward=+0.7646, done=False, latency=169.17
  Step 4 (scale_service): reward=+1.0000, done=True, latency=163.12
  GRADE: 0.7344

Γ£ô Environment tests PASSED

============================================================
TESTING DQN AGENT (PyTorch)
============================================================
  State shape: torch.Size([1, 15])
  State values: [6.613276958465576, 0.08129999786615372, 0.8550999760627747, 0.8815000057220459, 0.9101999998092651]
  Step 1: action=check_deployment, reward=-0.1011, loss=None, eps=0.491
  Step 2: action=restart_service, reward=+0.3336, loss=None, eps=0.482
  Step 3: action=restart_service, reward=+0.0219, loss=None, eps=0.474
  Step 4: action=check_metrics, reward=-0.0988, loss=None, eps=0.465
  Step 5: action=restart_service, reward=+0.0441, loss=None, eps=0.457
  Total reward: +0.1997
  Grade: 0.4672
  Model params: 138,123

Γ£ô DQN Agent tests PASSED

============================================================
ALL TESTS PASSED Γ£ô
============================================================
